// Jest Snapshot v1, https://goo.gl/fbAQLP

exports[`Flex behavior test test props snapshot 1`] = `
initialize {
  "0": Object {
    "attribs": Object {
      "class": "sc-bdVaJa gBRtWL",
    },
    "children": Array [
      Object {
        "attribs": Object {
          "class": "sc-bwzfXH ghvxEw",
          "order": "3",
        },
        "children": Array [
          Object {
            "data": "20%",
            "next": null,
            "parent": [Circular],
            "prev": null,
            "type": "text",
          },
        ],
        "name": "div",
        "namespace": "http://www.w3.org/1999/xhtml",
        "next": Object {
          "attribs": Object {
            "class": "sc-bwzfXH gbyakH",
            "order": "2",
          },
          "children": Array [
            Object {
              "data": "40%",
              "next": null,
              "parent": [Circular],
              "prev": null,
              "type": "text",
            },
          ],
          "name": "div",
          "namespace": "http://www.w3.org/1999/xhtml",
          "next": Object {
            "attribs": Object {
              "class": "sc-bwzfXH ipWma",
              "order": "1",
            },
            "children": Array [
              Object {
                "data": "40%",
                "next": null,
                "parent": [Circular],
                "prev": null,
                "type": "text",
              },
            ],
            "name": "div",
            "namespace": "http://www.w3.org/1999/xhtml",
            "next": null,
            "parent": [Circular],
            "prev": [Circular],
            "type": "tag",
            "x-attribsNamespace": Object {
              "class": undefined,
              "order": undefined,
            },
            "x-attribsPrefix": Object {
              "class": undefined,
              "order": undefined,
            },
          },
          "parent": [Circular],
          "prev": [Circular],
          "type": "tag",
          "x-attribsNamespace": Object {
            "class": undefined,
            "order": undefined,
          },
          "x-attribsPrefix": Object {
            "class": undefined,
            "order": undefined,
          },
        },
        "parent": [Circular],
        "prev": null,
        "type": "tag",
        "x-attribsNamespace": Object {
          "class": undefined,
          "order": undefined,
        },
        "x-attribsPrefix": Object {
          "class": undefined,
          "order": undefined,
        },
      },
      Object {
        "attribs": Object {
          "class": "sc-bwzfXH gbyakH",
          "order": "2",
        },
        "children": Array [
          Object {
            "data": "40%",
            "next": null,
            "parent": [Circular],
            "prev": null,
            "type": "text",
          },
        ],
        "name": "div",
        "namespace": "http://www.w3.org/1999/xhtml",
        "next": Object {
          "attribs": Object {
            "class": "sc-bwzfXH ipWma",
            "order": "1",
          },
          "children": Array [
            Object {
              "data": "40%",
              "next": null,
              "parent": [Circular],
              "prev": null,
              "type": "text",
            },
          ],
          "name": "div",
          "namespace": "http://www.w3.org/1999/xhtml",
          "next": null,
          "parent": [Circular],
          "prev": [Circular],
          "type": "tag",
          "x-attribsNamespace": Object {
            "class": undefined,
            "order": undefined,
          },
          "x-attribsPrefix": Object {
            "class": undefined,
            "order": undefined,
          },
        },
        "parent": [Circular],
        "prev": Object {
          "attribs": Object {
            "class": "sc-bwzfXH ghvxEw",
            "order": "3",
          },
          "children": Array [
            Object {
              "data": "20%",
              "next": null,
              "parent": [Circular],
              "prev": null,
              "type": "text",
            },
          ],
          "name": "div",
          "namespace": "http://www.w3.org/1999/xhtml",
          "next": [Circular],
          "parent": [Circular],
          "prev": null,
          "type": "tag",
          "x-attribsNamespace": Object {
            "class": undefined,
            "order": undefined,
          },
          "x-attribsPrefix": Object {
            "class": undefined,
            "order": undefined,
          },
        },
        "type": "tag",
        "x-attribsNamespace": Object {
          "class": undefined,
          "order": undefined,
        },
        "x-attribsPrefix": Object {
          "class": undefined,
          "order": undefined,
        },
      },
      Object {
        "attribs": Object {
          "class": "sc-bwzfXH ipWma",
          "order": "1",
        },
        "children": Array [
          Object {
            "data": "40%",
            "next": null,
            "parent": [Circular],
            "prev": null,
            "type": "text",
          },
        ],
        "name": "div",
        "namespace": "http://www.w3.org/1999/xhtml",
        "next": null,
        "parent": [Circular],
        "prev": Object {
          "attribs": Object {
            "class": "sc-bwzfXH gbyakH",
            "order": "2",
          },
          "children": Array [
            Object {
              "data": "40%",
              "next": null,
              "parent": [Circular],
              "prev": null,
              "type": "text",
            },
          ],
          "name": "div",
          "namespace": "http://www.w3.org/1999/xhtml",
          "next": [Circular],
          "parent": [Circular],
          "prev": Object {
            "attribs": Object {
              "class": "sc-bwzfXH ghvxEw",
              "order": "3",
            },
            "children": Array [
              Object {
                "data": "20%",
                "next": null,
                "parent": [Circular],
                "prev": null,
                "type": "text",
              },
            ],
            "name": "div",
            "namespace": "http://www.w3.org/1999/xhtml",
            "next": [Circular],
            "parent": [Circular],
            "prev": null,
            "type": "tag",
            "x-attribsNamespace": Object {
              "class": undefined,
              "order": undefined,
            },
            "x-attribsPrefix": Object {
              "class": undefined,
              "order": undefined,
            },
          },
          "type": "tag",
          "x-attribsNamespace": Object {
            "class": undefined,
            "order": undefined,
          },
          "x-attribsPrefix": Object {
            "class": undefined,
            "order": undefined,
          },
        },
        "type": "tag",
        "x-attribsNamespace": Object {
          "class": undefined,
          "order": undefined,
        },
        "x-attribsPrefix": Object {
          "class": undefined,
          "order": undefined,
        },
      },
    ],
    "name": "div",
    "namespace": "http://www.w3.org/1999/xhtml",
    "next": null,
    "parent": null,
    "prev": null,
    "root": Object {
      "attribs": Object {},
      "children": Array [
        [Circular],
      ],
      "name": "root",
      "namespace": "http://www.w3.org/1999/xhtml",
      "next": null,
      "parent": null,
      "prev": null,
      "type": "root",
      "x-attribsNamespace": Object {},
      "x-attribsPrefix": Object {},
    },
    "type": "tag",
    "x-attribsNamespace": Object {
      "class": undefined,
    },
    "x-attribsPrefix": Object {
      "class": undefined,
    },
  },
  "_root": [Circular],
  "length": 1,
  "options": Object {
    "decodeEntities": true,
    "normalizeWhitespace": false,
    "withDomLvl1": true,
    "xml": false,
  },
}
`;
