// Jest Snapshot v1, https://goo.gl/fbAQLP

exports[`kangct project entry export snapshot 1`] = `
Array [
  "Accordion",
  "Collapse",
  "Alert",
  "Animate",
  "Animation",
  "Badge",
  "BorderMagicCom",
  "Box",
  "Breadcrumb",
  "Button",
  "Card",
  "Column",
  "Dialog",
  "Dropdown",
  "ErrorBoundaries",
  "Flex",
  "FlexItem",
  "H1",
  "H2",
  "H3",
  "H4",
  "H5",
  "H6",
  "Abbr",
  "Del",
  "Mark",
  "Ol",
  "Ul",
  "Sup",
  "Sub",
  "A",
  "Ins",
  "Hr",
  "Strong",
  "B",
  "Pre",
  "Code",
  "Figcaption",
  "Small",
  "P",
  "Li",
  "Blockquote",
  "Hero",
  "HeroBody",
  "HeroA",
  "HeroContainer",
  "HeroH1",
  "HeroLeft",
  "HeroRight",
  "HeroP",
  "ImageComponent",
  "Lifecycle",
  "Loading",
  "Pagination",
  "Panel",
  "Progress",
  "Protal",
  "Rect",
  "ScrollTo",
  "Tab",
  "Table",
  "Toggle",
  "ToolTips",
  "LazyLoad",
  "Intl",
]
`;
